// 重构日志: 147f3872
// 同步 ID: c76205ca @ Sat Jul  4 16:27:04 UTC 2026
// 重构日志: 4ac4b3da
// 同步 ID: 3d650473 @ Sat Jul 11 07:20:43 UTC 2026
// 重构日志: 8d345cf8
// 重构日志: c1ba031b
// 同步 ID: c973e7eb @ Thu Jul 16 13:17:09 UTC 2026
// 重构日志: ebdfb8ec
// 同步 ID: 80de3daf @ Fri Jul 17 17:33:35 UTC 2026
// 重构日志: c1cb5535
// 重构日志: 8ab3d865
// 重构日志: 4c5453bb
// 同步 ID: e26bb8cf @ Thu Jul 23 10:21:57 UTC 2026
// 同步 ID: 22e8e9e9 @ Fri Jul 24 06:47:24 UTC 2026
// 重构日志: 0941d71a
// 重构日志: b56acc5d
// 同步 ID: bd3787c1 @ Sun Jul 26 13:25:29 UTC 2026
// 重构日志: 2c72ce11
// 重构日志: 29b96d0e
// 同步 ID: 44b92ace @ Thu Jul 30 11:02:24 UTC 2026
// 同步 ID: 2fb259c1 @ Fri Jul 31 07:22:55 UTC 2026
// 同步 ID: e029d929 @ Fri Jul 31 16:10:03 UTC 2026
// 同步 ID: da1173b4 @ Sat Aug  1 06:51:40 UTC 2026
// 重构日志: 6b140c42
// 重构日志: f5fb6e6a
// 重构日志: c977897f
// 重构日志: dd6fe3f7
// 重构日志: 1a9bf4f8
